✔ [810/828] Built JSP000513.FinsetTools (5.0s)
✔ [811/828] Built JSP000513.C5Obstruction (5.1s)
✔ [812/828] Built JSP000513.ColorForcing (3.4s)
✔ [813/828] Built JSP000513.TriangleTools (3.4s)
✔ [814/828] Built JSP000513.C5Positive (4.6s)
✔ [815/828] Built JSP000513.C5General (9.2s)
✔ [816/828] Built JSP000513.G1 (9.3s)
✔ [817/828] Built JSP000513.G2 (25s)
✔ [818/828] Built JSP000513.SevenAttachment (9.3s)
✔ [819/828] Built JSP000513.G3 (3.1s)
✔ [820/828] Built JSP000513.NineAttachment (2.7s)
✔ [821/828] Built JSP000513.G4 (2.1s)
✔ [822/828] Built JSP000513.G5 (8.2s)
✔ [823/828] Built JSP000513.FinalConstruction (3.5s)
✔ [824/828] Built JSP000513.MainTheorem (2.4s)
✔ [825/828] Built JSP000513.Problem (2.2s)
✔ [826/828] Built JSP000513.PaletteEquivalence (2.2s)
ℹ [827/828] Built JSP000513 (3.6s)
info: JSP000513.lean:15:0: 'JSP000513.C5.lists_card' depends on axioms: [propext, Quot.sound]
info: JSP000513.lean:16:0: 'JSP000513.C5.pairChoices_card' depends on axioms: [propext, Classical.choice, Quot.sound]
info: JSP000513.lean:17:0: 'JSP000513.C5.mem_pairChoices_iff' depends on axioms: [propext, Classical.choice, Quot.sound]
info: JSP000513.lean:18:0: 'JSP000513.C5.no_compatible_choices' depends on axioms: [propext, Classical.choice, Quot.sound]
info: JSP000513.lean:19:0: 'JSP000513.C5.not_listMulticolorable' depends on axioms: [propext, Classical.choice, Quot.sound]
info: JSP000513.lean:20:0: 'JSP000513.C5.not_ABChoosable_four_two' depends on axioms: [propext, Classical.choice, Quot.sound]
info: JSP000513.lean:21:0: 'JSP000513.listColorable_iff_multicolorable_one' depends on axioms: [propext, Classical.choice, Quot.sound]
info: JSP000513.lean:22:0: 'JSP000513.C5.half_list_colorable' depends on axioms: [propext, Classical.choice, Quot.sound]
info: JSP000513.lean:23:0: 'JSP000513.G1.half_list_colorable' depends on axioms: [propext, Classical.choice, Quot.sound]
info: JSP000513.lean:24:0: 'JSP000513.G1.not_listMulticolorable' depends on axioms: [propext, Classical.choice, Quot.sound]
info: JSP000513.lean:26:0: 'JSP000513.C5.colorable_or_uniform_pair' depends on axioms: [propext, Classical.choice, Quot.sound]
info: JSP000513.lean:27:0: 'JSP000513.C5.colorable_erase_of_nonuniform_three' depends on axioms: [propext, Classical.choice, Quot.sound]
info: JSP000513.lean:28:0: 'JSP000513.C5.extend_uniform_three' depends on axioms: [propext, Classical.choice, Quot.sound]
info: JSP000513.lean:29:0: 'JSP000513.C5.not_twofold_palette_four' depends on axioms: [propext, Classical.choice, Quot.sound]
info: JSP000513.lean:30:0: 'JSP000513.G2.half_list_relaxed' depends on axioms: [propext, Classical.choice, Quot.sound]
info: JSP000513.lean:31:0: 'JSP000513.G2.twofold_hits_special' depends on axioms: [propext, Classical.choice, Quot.sound]
info: JSP000513.lean:34:0: 'JSP000513.Seven.flexible_extension' depends on axioms: [propext, Classical.choice, Quot.sound]
info: JSP000513.lean:35:0: 'JSP000513.Seven.greedy_extension' depends on axioms: [propext, Classical.choice, Quot.sound]
info: JSP000513.lean:36:0: 'JSP000513.Seven.twofold_terminal_forced' depends on axioms: [propext, Classical.choice, Quot.sound]
info: JSP000513.lean:37:0: 'JSP000513.G3.half_list_relaxed' depends on axioms: [propext, Classical.choice, Quot.sound]
info: JSP000513.lean:38:0: 'JSP000513.G3.twofold_terminal_forced' depends on axioms: [propext, Classical.choice, Quot.sound]
info: JSP000513.lean:41:0: 'JSP000513.two_roots_residual' depends on axioms: [propext, Classical.choice, Quot.sound]
info: JSP000513.lean:42:0: 'JSP000513.avoid_two_bad_deletions' depends on axioms: [propext, Classical.choice, Quot.sound]
info: JSP000513.lean:43:0: 'JSP000513.Nine.flexible_extension' depends on axioms: [propext, Classical.choice, Quot.sound]
info: JSP000513.lean:44:0: 'JSP000513.Nine.greedy_extension' depends on axioms: [propext, Classical.choice, Quot.sound]
info: JSP000513.lean:45:0: 'JSP000513.G4.half_list_relaxed' depends on axioms: [propext, Classical.choice, Quot.sound]
info: JSP000513.lean:46:0: 'JSP000513.G4.twofold_terminals_forced' depends on axioms: [propext, Classical.choice, Quot.sound]
info: JSP000513.lean:49:0: 'JSP000513.G5.half_list_colorable' depends on axioms: [propext, Classical.choice, Quot.sound]
info: JSP000513.lean:50:0: 'JSP000513.G5.not_listMulticolorable' depends on axioms: [propext, Classical.choice, Quot.sound]
info: JSP000513.lean:53:0: 'JSP000513.Final.four_list_colorable' depends on axioms: [propext, Classical.choice, Quot.sound]
info: JSP000513.lean:54:0: 'JSP000513.Final.not_listMulticolorable' depends on axioms: [propext, Classical.choice, Quot.sound]
info: JSP000513.lean:55:0: 'JSP000513.theorem2' depends on axioms: [propext, Classical.choice, Quot.sound]
info: JSP000513.lean:56:0: 'JSP000513.theorem2_all_palettes' depends on axioms: [propext, Classical.choice, Quot.sound]
info: JSP000513.lean:59:0: 'JSP000513.finitePaletteEquivalence' depends on axioms: [propext, Classical.choice, Quot.sound]
info: JSP000513.lean:60:0: def JSP000513.Theorem2NatTarget : Prop :=
∃ n G, JSP000513.ABChoosable G 4 1 ∧ ¬JSP000513.ABChoosable G 8 2
info: JSP000513.lean:61:0: def JSP000513.Theorem2AllPalettesTarget : Prop :=
∃ n G, (∀ (Color : Type), JSP000513.ABChoosableOn G Color 4 1) ∧ ¬∀ (Color : Type), JSP000513.ABChoosableOn G Color 8 2
info: JSP000513.lean:62:0: def JSP000513.FinitePaletteEquivalenceTarget : Prop :=
∀ (n a b : ℕ) (G : SimpleGraph (Fin n)),
  JSP000513.ABChoosable G a b ↔ ∀ (Color : Type), JSP000513.ABChoosableOn G Color a b
info: JSP000513.lean:64:0: 'JSP000513.list_choosability_doubling_is_false' depends on axioms: [propext, Classical.choice, Quot.sound]
Build completed successfully (828 jobs).
