鉁?[5/126] Built Aesop.Script.Tactic (1.4s)
鉁?[6/126] Built Batteries.Control.Lemmas (1.7s)
鉁?[7/126] Built Batteries.Control.LawfulMonadState (1.7s)
鉁?[8/127] Built Batteries.Tactic.Init (2.1s)
鉁?[9/129] Built Batteries.CodeAction.Deprecated (2.2s)
鉁?[10/142] Built Batteries.Control.ForInStep.Basic (2.5s)
鉁?[11/142] Built Batteries.Tactic.Lint.Basic (2.5s)
鉁?[12/142] Built Batteries.Lean.Syntax (2.5s)
鉁?[13/142] Built Mathlib.Tactic.Linter.DirectoryDependency (2.5s)
鉁?[14/142] Built Batteries.Lean.Position (2.5s)
鉁?[15/142] Built Batteries.Tactic.Unreachable (2.5s)
鉁?[16/142] Built Batteries.Lean.Meta.Inaccessible (2.5s)
鉁?[17/142] Built ImportGraph.Imports.ImportGraph (2.5s)
鉁?[18/142] Built ImportGraph.Lean.Environment (2.5s)
鉁?[19/142] Built Batteries.Util.LibraryNote (2.5s)
鉁?[20/142] Built ImportGraph.Graph.TransitiveClosure (2.5s)
鉁?[21/142] Built Batteries.Tactic.OpenPrivate (2.5s)
鉁?[22/142] Built Batteries.Util.ExtendedBinder (2.5s)
鉁?[23/142] Built Batteries.Lean.NameMapAttribute (2.5s)
鉁?[24/144] Built Batteries.Tactic.Trans (2.5s)
鉁?[25/144] Built Batteries.Lean.Meta.Basic (2.2s)
鉁?[26/145] Built Batteries.Control.OptionT (2.2s)
鉁?[27/145] Built Aesop.Nanos (1.8s)
鉁?[28/146] Built Aesop.Script.GoalWithMVars (2.2s)
鉁?[29/146] Built Batteries.Tactic.Lint.Simp (2.4s)
鉁?[30/146] Built Aesop.Rule.Name (1.4s)
鉁?[31/155] Built Aesop.Options.Public (1.2s)
鉁?[32/160] Built Batteries.Tactic.Alias (3.0s)
鉁?[33/160] Built Batteries.Control.ForInStep.Lemmas (2.7s)
鉁?[34/160] Built Batteries.Tactic.Lint.Misc (2.7s)
鉁?[35/160] Built Mathlib.Tactic.Linter.Header (2.7s)
鉁?[36/160] Built ImportGraph.Imports.Redundant (2.7s)
鉁?[37/160] Built ImportGraph.Imports.RequiredModules (2.7s)
鉁?[38/160] Built Batteries.Tactic.HelpCmd (2.8s)
鉁?[39/160] Built ImportGraph.Tools.ImportDiff (2.7s)
鉁?[40/160] Built Batteries.Tactic.Lint.TypeClass (2.7s)
鉁?[41/160] Built Batteries.Tactic.Lint.Frontend (2.7s)
鉁?[42/160] Built Batteries.Control.AlternativeMonad (1.3s)
鉁?[43/160] Built Batteries.Data.Array.Merge (2.7s)
鉁?[44/160] Built Aesop.Index.DiscrTreeConfig (2.7s)
鉁?[45/160] Built Batteries.Tactic.PermuteGoals (2.7s)
鉁?[46/160] Built Batteries.Lean.MonadBacktrack (2.7s)
鉁?[47/160] Built Aesop.Check (2.7s)
鉁?[48/160] Built Aesop.Util.EqualUpToIds (2.1s)
鉁?[49/160] Built Aesop.Script.TacticState (2.0s)
鉁?[50/160] Built Aesop.Forward.LevelIndex (2.3s)
鉁?[51/160] Built Aesop.Script.OptimizeSyntax (2.5s)
鉁?[52/160] Built Mathlib.Tactic.Linter.TacticDocumentation (1.9s)
鉁?[53/160] Built Mathlib.Tactic.DeclarationNames (2.7s)
鉁?[54/160] Built Mathlib.Lean.Elab.Tactic.Meta (2.8s)
鉁?[55/160] Built Mathlib.Tactic.Linter.UnusedTacticExtension (2.8s)
鉁?[56/160] Built Mathlib.Tactic.Linter.Whitespace (3.1s)
鉁?[57/161] Built Mathlib.Tactic.MinImports (3.1s)
鉁?[58/161] Built Mathlib.Util.ParseCommand (3.1s)
鉁?[59/161] Built Mathlib.Tactic.TypeStar (3.1s)
鉁?[60/161] Built ImportGraph.Tools.FindHome (3.1s)
鉁?[61/161] Built ImportGraph.Tools.MinImports (3.1s)
鉁?[62/161] Built ImportGraph.Tools.RedundantImports (3.1s)
鉁?[63/161] Built Mathlib.Util.CodeActions.BinderPlicity (3.1s)
鉁?[64/161] Built Aesop.Util.UnorderedArraySet (3.1s)
鉁?[65/161] Built Batteries.Lean.Meta.SavedState (3.1s)
鉁?[66/161] Built Aesop.Options.Internal (3.1s)
鉁?[67/161] Built Aesop.Forward.PremiseIndex (3.1s)
鉁?[68/161] Built Aesop.Percent (3.1s)
鉁?[69/161] Built Mathlib.Tactic.Linter.PrivateModule (1.6s)
鉁?[70/161] Built Mathlib.Lean.Environment (1.3s)
鉁?[71/161] Built Mathlib.Tactic.Linter.OldObtain (1.2s)
鉁?[72/161] Built Mathlib.Lean.Expr.Basic (1.8s)
鉁?[73/162] Built Mathlib.Tactic.Linter.InternalConstructor (1.3s)
鉁?[74/162] Built Mathlib.Tactic.Linter.Multigoal (1.4s)
鉁?[75/162] Built Mathlib.Tactic.Linter.FlexibleLinter (2.3s)
鉁?[76/162] Built Mathlib.Tactic.Linter.HaveILetI (2.7s)
鉁?[77/162] Built Batteries.Tactic.Lint (2.3s)
鉁?[78/162] Built Batteries.Logic (2.6s)
鉁?[79/162] Built Mathlib.Lean.ContextInfo (2.1s)
鉁?[80/163] Built Mathlib.Tactic.Linter.Style (2.7s)
鉁?[81/163] Built Mathlib.Util.CodeActions (1.7s)
鉁?[82/163] Built Aesop.Forward.SlotIndex (1.0s)
鉁?[83/164] Built Mathlib.Tactic.Linter.UnusedTactic (2.7s)
鉁?[84/164] Built Aesop.Util.Basic (2.8s)
鉁?[85/168] Built ImportGraph.Tools (1.4s)
鉁?[86/195] Built Batteries.Util.ProofWanted (4.2s)
鉁?[87/195] Built Mathlib.Lean.Linter (4.2s)
鉁?[88/195] Built Mathlib.Tactic.AdaptationNote (4.2s)
鉁?[89/195] Built Mathlib.Tactic.Lemma (4.2s)
鉁?[90/195] Built Mathlib.Tactic.Linter.AuxLemma (4.2s)
鉁?[91/195] Built Mathlib.Tactic.Linter.DeprecatedSyntaxLinter (4.2s)
鉁?[92/195] Built Mathlib.Tactic.Linter.DocPrime (4.2s)
鉁?[93/195] Built Mathlib.Tactic.Linter.DocString (4.2s)
鉁?[94/195] Built Mathlib.Tactic.Linter.EmptyLine (4.2s)
鉁?[95/195] Built Mathlib.Tactic.Linter.GlobalAttributeIn (4.2s)
鉁?[96/195] Built Mathlib.Tactic.Linter.HashCommandLinter (4.2s)
鉁?[97/199] Built Mathlib.Tactic.ExtractGoal (1.6s)
鉁?[98/199] Built Batteries.Data.List.Basic (4.2s)
鉁?[99/200] Built Aesop.Constants (1.4s)
鉁?[100/201] Built Mathlib.Lean.Elab.InfoTree (2.7s)
鉁?[101/205] Built Aesop.Util.UnionFind (2.1s)
鉁?[102/205] Built Batteries.Lean.Meta.UnusedNames (1.6s)
鉁?[103/207] Built Aesop.Script.Util (2.3s)
鉁?[104/230] Built Aesop.RuleTac.RuleTerm (2.2s)
鉁?[105/230] Built Aesop.Script.CtorNames (2.2s)
鉁?[106/230] Built Aesop.ElabM (2.2s)
鉁?[107/230] Built Aesop.Util.Tactic (2.2s)
鉁?[108/230] Built Aesop.Util.Unfold (2.2s)
鉁?[109/230] Built Aesop.RuleTac.Forward.Basic (2.2s)
鉁?[110/236] Built Aesop.EMap (2.3s)
鉁?[111/281] Built Mathlib.Tactic.Linter.Lint (3.1s)
鉁?[112/281] Built Batteries.Linter.UnreachableTactic (2.9s)
鉁?[113/281] Built Batteries.Lean.TagAttribute (2.5s)
鉁?[114/281] Built Batteries.Tactic.SeqFocus (2.6s)
鉁?[116/283] Built Aesop.Tracing (2.6s)
鉁?[117/283] Built Aesop.Forward.Substitution (2.9s)
鉁?[118/284] Built Mathlib.Tactic.TacticAnalysis (3.3s)
鉁?[119/284] Built Aesop.Util.OrderedHashSet (1.5s)
鉁?[120/285] Built Batteries.Lean.Meta.Expr (1.5s)
鉁?[121/285] Built Batteries.Lean.PersistentHashMap (1.5s)
鉁?[122/285] Built Batteries.Lean.Meta.InstantiateMVars (1.8s)
鉁?[123/285] Built Mathlib.Tactic.Linter.UnusedInstancesInType (2.8s)
鉁?[124/288] Built Batteries.Lean.AttributeExtra (1.0s)
鉁?[125/288] Built Batteries.Lean.HashSet (2.3s)
鉁?[126/288] Built Aesop.Exception (2.1s)
鉁?[127/288] Built Qq.ForLean.ToExpr (1.0s)
鉁?[128/296] Built Aesop.Search.Expansion.Simp (2.3s)
鉁?[129/296] Built Aesop.Frontend.Basic (2.0s)
鉁?[131/300] Built Qq.ForLean.ReduceEval (2.2s)
鉁?[132/309] Built Aesop.RulePattern.Cache (2.3s)
鉁?[133/309] Built Batteries.Lean.PersistentHashSet (2.8s)
鉁?[134/319] Built Aesop.RuleTac.ElabRuleTerm (2.8s)
鉁?[135/319] Built Aesop.Util.Tactic.Unfold (2.8s)
鉁?[136/319] Built Aesop.RuleSet.Name (2.8s)
鉁?[137/319] Built Batteries.Lean.Expr (2.5s)
鉁?[139/346] Built Aesop.Index.Basic (2.4s)
鉁?[147/347] Built Qq.Typ (2.4s)
鉁?[148/347] Built Batteries.Data.List.Lemmas (5.4s)
鉁?[149/350] Built Batteries.Lean.Meta.DiscrTree (1.3s)
鉁?[150/352] Built Aesop.Util.Tactic.Ext (2.9s)
鉁?[151/352] Built Plausible.Random (1.4s)
鉁?[152/355] Built Aesop.Script.Step (2.9s)
鉁?[153/355] Built Qq.SortLocalDecls (1.4s)
鉁?[154/355] Built Plausible.Shrinkable (1.3s)
鉁?[155/355] Built Qq.ForLean.Do (1.6s)
鉁?[156/362] Built Aesop.Stats.Basic (2.4s)
鉁?[157/362] Built Plausible.Attr (1.3s)
鉁?[158/363] Built Aesop.RuleSet.Filter (1.3s)
鉁?[159/363] Built LeanSearchClient.Basic (1.3s)
鉁?[160/364] Built ProofWidgets.Compat (1.4s)
鉁?[161/366] Built Batteries.Linter.UnnecessarySeqFocus (2.2s)
鉁?[162/366] Built Batteries.CodeAction.Attr (1.8s)
鉁?[163/368] Built Mathlib.Tactic.Linter.OverlappingInstances (2.9s)
鉁?[164/368] Built Batteries.Tactic.Case (2.5s)
鉁?[165/398] Built Batteries.Lean.Except (2.1s)
鉁?[166/409] Built Mathlib.Tactic.TacticAnalysis.Declarations (3.7s)
鉁?[167/409] Built ProofWidgets.Util (2.3s)
鉁?[168/414] Built Aesop.Script.UScript (2.3s)
鉁?[169/414] Built Aesop.BaseM (1.0s)
鉁?[170/414] Built Aesop.Stats.Extension (1.0s)
鉁?[171/414] Built Aesop.Stats.File (2.1s)
鉁?[172/416] Built Aesop.Script.SScript (2.4s)
鉁?[173/416] Built Plausible.Gen (2.4s)
鉁?[174/416] Built Batteries.Data.MLList.Basic (2.2s)
鉁?[175/416] Built Batteries.Tactic.Exact (2.6s)
鉁?[176/419] Built Batteries.Data.List.Count (3.1s)
鉁?[177/420] Built Batteries.Linter (1.9s)
鉁?[178/426] Built Batteries.Tactic.GeneralizeProofs (3.8s)
鉁?[179/427] Built ProofWidgets.Component.Basic (2.3s)
鉁?[180/428] Built Plausible.DeriveShrinkable (3.0s)
鉁?[181/428] Built Batteries.Util.Cache (1.5s)
鉁?[182/431] Built Batteries.CodeAction.Basic (2.3s)
鉁?[183/431] Built LeanSearchClient.Syntax (3.1s)
鉁?[184/431] Built Plausible.Arbitrary (1.4s)
鉁?[185/434] Built Aesop.Script.Check (1.7s)
鉁?[186/434] Built Aesop.Script.ScriptM (1.7s)
鉁?[187/476] Built Aesop.Stats.Report (1.9s)
鉁?[188/493] Built ProofWidgets.Cancellable (2.1s)
鉁?[189/494] Built Mathlib.Init (2.3s)
鉁?[190/494] Built Aesop.RuleTac.GoalDiff (2.1s)
鉁?[191/494] Built Qq.Macro (5.1s)
鉁?[192/494] Built Aesop.Script.UScriptToSScript (2.2s)
鉁?[193/494] Built Aesop.RulePattern (2.4s)
鉁?[194/494] Built Batteries.Control.Nondet.Basic (2.2s)
鉁?[195/494] Built Batteries.CodeAction.Misc (3.4s)
鉁?[196/494] Built Plausible.ArbitraryFueled (1.2s)
鉁?[197/494] Built Batteries.Tactic.Basic (2.4s)
鉁?[198/494] Built ProofWidgets.Component.MakeEditLink (2.1s)
鉁?[199/494] Built Batteries.Data.Nat.Basic (1.3s)
鉁?[200/494] Built Mathlib.Tactic.Lift (2.9s)
鉁?[201/494] Built ProofWidgets.Component.Panel.Basic (2.6s)
鉁?[202/494] Built Batteries.Data.List.Perm (3.3s)
鉁?[203/494] Built LeanSearchClient.LoogleSyntax (2.6s)
鉁?[204/494] Built Mathlib.Tactic.Linter.MinImports (2.6s)
鉁?[205/494] Built Mathlib.Util.PrintSorries (2.2s)
鉁?[206/494] Built Mathlib.Logic.OpClass (2.3s)
鉁?[207/494] Built Mathlib.Data.Int.Notation (2.3s)
鉁?[208/494] Built Plausible.Sampleable (3.0s)
鉁?[209/494] Built Aesop.Script.SpecificTactics (3.1s)
鉁?[210/494] Built Mathlib.Util.TransImports (2.4s)
鉁?[211/494] Built Mathlib.Util.WhatsNew (2.6s)
鉁?[212/494] Built Mathlib.Tactic.Widget.SelectInsertParamsClass (2.3s)
鉁?[213/494] Built ProofWidgets.Data.Html (4.3s)
鉁?[214/494] Built Mathlib.Util.CompileInductive (3.1s)
鉁?[215/494] Built Mathlib.Tactic.UnsetOption (2.2s)
鉁?[216/494] Built Mathlib.Util.CountHeartbeats (3.0s)
鉁?[217/494] Built Mathlib.Tactic.Trace (2.3s)
鉁?[218/494] Built Mathlib.Tactic.Use (2.8s)
鉁?[219/494] Built Mathlib.Tactic.Variable (3.3s)
鉁?[220/494] Built Mathlib.Tactic.SwapVar (2.8s)
鉁?[221/494] Built Mathlib.Tactic.SudoSetOption (2.8s)
鉁?[222/494] Built Mathlib.Tactic.SuccessIfFailWithMsg (2.9s)
鉁?[223/494] Built Mathlib.Tactic.Substs (2.7s)
鉁?[224/494] Built Mathlib.Tactic.Simps.NotationClass (2.7s)
鉁?[225/494] Built Mathlib.Util.Tactic (2.3s)
鉁?[226/494] Built Mathlib.Util.WithWeakNamespace (2.3s)
鉁?[227/494] Built Mathlib.Tactic.SimpIntro (2.6s)
鉁?[228/494] Built Mathlib.Tactic.Spread (2.9s)
鉁?[229/494] Built Mathlib.Tactic.OfNat (2.2s)
鉁?[230/494] Built Mathlib.Tactic.RSuffices (2.3s)
鉁?[231/494] Built Mathlib.Tactic.Rename (2.4s)
鉁?[232/494] Built Mathlib.Tactic.Set (2.8s)
鉁?[233/494] Built Mathlib.Tactic.Recover (2.5s)
鉁?[234/494] Built Mathlib.Lean.Meta (2.3s)
鉁?[235/494] Built Mathlib.Lean.Name (2.3s)
鉁?[236/494] Built Mathlib.Tactic.Linter.UpstreamableDecl (2.3s)
鉁?[237/494] Built Mathlib.Tactic.Observe (2.7s)
鉁?[238/494] Built Mathlib.Tactic.Linter.PPRoundtrip (2.3s)
鉁?[239/494] Built Mathlib.Tactic.Linter.HaveLetLinter (2.4s)
鉁?[240/494] Built Mathlib.Util.TermReduce (2.4s)
鉁?[241/494] Built Mathlib.Tactic.HigherOrder (2.6s)
鉁?[242/494] Built Mathlib.Tactic.GuardGoalNums (2.6s)
鉁?[243/494] Built Mathlib.Tactic.GuardHypNums (2.7s)
鉁?[244/494] Built Mathlib.Tactic.InferParam (2.4s)
鉁?[245/494] Built Mathlib.Tactic.ExistsI (2.3s)
鉁?[246/494] Built Mathlib.Tactic.FunProp.Mor (2.5s)
鉁?[247/494] Built Mathlib.Tactic.GrindAttrs (2.7s)
鉁?[248/494] Built Mathlib.Tactic.DSimpPercent (2.4s)
鉁?[249/494] Built Mathlib.Tactic.Find (2.5s)
鉁?[250/494] Built Mathlib.Tactic.FunProp.Decl (2.7s)
鉁?[251/494] Built Mathlib.Tactic.FailIfNoProgress (2.7s)
鉁?[252/494] Built Mathlib.Tactic.ErwQuestion (2.7s)
鉁?[253/494] Built Mathlib.Tactic.FunProp.ToBatteries (2.0s)
鉁?[254/494] Built Mathlib.Tactic.Constructor (2.2s)
鉁?[255/494] Built Mathlib.Lean.MessageData.Trace (2.2s)
鉁?[256/494] Built Mathlib.Tactic.Relation.Rfl (2.3s)
鉁?[257/494] Built Mathlib.Tactic.DeprecateTo (2.6s)
鉁?[258/494] Built Mathlib.Tactic.Coe (2.1s)
鉁?[259/494] Built Mathlib.Lean.GoalsLocation (1.9s)
鉁?[260/494] Built Mathlib.Tactic.DefEqTransformations (2.0s)
鉁?[261/494] Built Mathlib.Lean.Meta.KAbstractPositions (1.9s)
鉁?[262/494] Built Mathlib.Control.Combinators (3.1s)
鉁?[263/494] Built Mathlib.Lean.FoldEnvironment (3.3s)
鉁?[264/494] Built Mathlib.Tactic.ClearExclamation (2.8s)
鉁?[265/494] Built Mathlib.Lean.Meta.RefinedDiscrTree.Basic (3.5s)
鉁?[266/494] Built Mathlib.Tactic.ApplyWith (2.5s)
鉁?[267/494] Built Mathlib.Tactic.ClearExcept (3.0s)
鉁?[268/494] Built Mathlib.Tactic.Clear_ (3.2s)
鉁?[269/494] Built Mathlib.Tactic.GCongr.ForwardAttr (3.3s)
鉁?[270/494] Built Mathlib.Tactic.NthRewrite (3.5s)
鉁?[271/494] Built Mathlib.Lean.Meta.Basic (2.5s)
鉁?[272/494] Built Mathlib.Tactic.PPWithUniv (2.7s)
鉁?[273/494] Built Mathlib.Util.AtLocation (2.9s)
鉁?[274/494] Built Mathlib.Tactic.SimpRw (3.6s)
鉁?[275/494] Built Mathlib.Data.List.Monad (2.4s)
鉁?[276/494] Built Mathlib.Tactic.ApplyCongr (2.5s)
鉁?[277/494] Built Mathlib.Tactic.CasesM (3.2s)
鉁?[278/494] Built Mathlib.Tactic.Check (3.3s)
鉁?[279/497] Built Mathlib.Tactic.Core (3.6s)
鉁?[280/497] Built Mathlib.Tactic.Conv (3.2s)
鉁?[281/497] Built Mathlib.Tactic.ToExpr (1.9s)
鉁?[282/497] Built Mathlib.Tactic.DepRewrite (5.2s)
鉁?[283/497] Built Mathlib.Data.Nat.Notation (2.3s)
鉁?[284/497] Built Aesop.RuleTac.Basic (2.1s)
鉁?[285/497] Built Mathlib.Tactic.Inhabit (2.8s)
鉁?[286/497] Built Mathlib.Data.String.Defs (2.7s)
鉁?[287/497] Built Mathlib.Tactic.Eqns (2.7s)
鉁?[288/497] Built Mathlib.Tactic.Translate.Attributes (2.7s)
鉁?[289/497] Built Mathlib.Basic.Nonempty (2.9s)
鉁?[290/497] Built Mathlib.Lean.PrettyPrinter.Delaborator (2.9s)
鉁?[291/497] Built Mathlib.Basic.IsEmpty.Defs (2.8s)
鉁?[292/497] Built Mathlib.Data.Ordering.Basic (2.5s)
鉁?[293/497] Built Mathlib.Lean.Meta.Simp (3.0s)
鉁?[294/497] Built Mathlib.Tactic.Attr.Register (3.1s)
鉁?[295/497] Built Mathlib.Tactic.Push.Attr (3.2s)
鉁?[296/497] Built Mathlib.Util.AddRelatedDecl (3.4s)
鉁?[297/497] Built Mathlib.Basic.ExistsUnique (3.3s)
鉁?[298/497] Built Mathlib.Tactic.ExtendDoc (3.7s)
鉁?[299/497] Built Mathlib.Tactic.Translate.UnfoldBoundary (3.7s)
鉁?[300/497] Built Qq.Commands (2.3s)
鉁?[301/497] Built Aesop.Script.StructureStatic (2.1s)
鉁?[302/497] Built Qq.Delab (2.3s)
鉁?[303/497] Built Mathlib.Tactic.Translate.Reorder (4.2s)
鉁?[304/497] Built Aesop.Index.RulePattern (1.8s)
鉁?[305/497] Built Batteries.Classes.Order (1.8s)
鉁?[306/497] Built Batteries.CodeAction.Match (2.1s)
鉁?[307/497] Built Aesop.Script.StructureDynamic (2.4s)
鉁?[308/497] Built Plausible.DeriveArbitrary (2.3s)
鉁?[309/500] Built Plausible.Functions (2.8s)
鉁?[310/500] Built LeanSearchClient (2.8s)
鉁?[311/500] Built Batteries.Data.Nat.Lemmas (2.9s)
鉁?[312/500] Built ProofWidgets.Component.FilterDetails (2.6s)
鉁?[313/500] Built ProofWidgets.Component.OfRpcMethod (2.0s)
鉁?[314/500] Built Mathlib.Tactic.Linter (2.5s)
鉁?[315/500] Built Mathlib.Lean.Elab.Tactic.Basic (2.9s)
鉁?[316/500] Built ProofWidgets.Component.RefreshComponent (3.3s)
鉁?[317/500] Built Mathlib.Tactic.RenameBVar (3.0s)
鉁?[318/500] Built Mathlib.Tactic.Widget.SelectPanelUtils (3.6s)
鉁?[319/500] Built Mathlib.Tactic.FunProp.FunctionData (3.0s)
鉁?[320/500] Built Plausible.Testable (4.0s)
鉁?[321/500] Built Mathlib.Lean.Meta.RefinedDiscrTree.Encode (2.6s)
鉁?[322/500] Built Mathlib.Tactic.ApplyAt (2.6s)
鉁?[323/500] Built Mathlib.Lean.Meta.RefinedDiscrTree.Initialize (3.0s)
鉁?[324/500] Built Mathlib.Tactic.MkIffOfInductiveProp (3.7s)
鉁?[325/500] Built Mathlib.Tactic.ToLevel (2.4s)
鉁?[326/500] Built Mathlib.Tactic.DefEqAbuse (3.3s)
鉁?[327/500] Built Mathlib.Tactic.ScopedNS (4.3s)
鉁?[328/500] Built Mathlib.Tactic.SplitIfs (2.8s)
鉁?[329/500] Built Aesop.Search.Expansion.Basic (2.0s)
鉁?[330/500] Built Aesop.RuleTac.Preprocess (1.9s)
鉁?[331/500] Built Aesop.RuleTac.Tactic (2.1s)
鉁?[332/500] Built Aesop.RuleTac.Apply (2.3s)
鉁?[333/500] Built Aesop.RuleTac.Cases (2.5s)
鉁?[334/500] Built Mathlib.Tactic.FBinop (3.4s)
鉁?[335/500] Built Qq.MetaM (1.9s)
鉁?[336/500] Built Mathlib.Tactic.Attr.Core (2.4s)
鉁?[337/500] Built Mathlib.Basic.Nontrivial.Defs (2.7s)
鉁?[338/502] Built Aesop.Script.Main (1.0s)
鉁?[339/502] Built Batteries.Data.UInt (2.3s)
鉁?[340/502] Built Mathlib.Logic.Function.Defs (2.8s)
鉁?[341/502] Built Batteries.CodeAction (2.2s)
鉁?[342/502] Built Mathlib.Tactic.Basic (2.8s)
鉁?[343/504] Built Mathlib.Tactic.IrreducibleDef (3.9s)
鉁?[344/504] Built Mathlib.Tactic.Translate.GuessName (3.0s)
鉁?[345/504] Built Mathlib.Lean.Meta.CongrTheorems (3.0s)
鉁?[346/504] Built Mathlib.Lean.Elab.Term (2.6s)
鉁?[347/506] Built Mathlib.Basic.Logic.Basic (3.6s)
鉁?[348/506] Built Mathlib.Tactic.Setm (3.1s)
鉁?[349/506] Built Mathlib.Data.Nat.Init (3.3s)
鉁?[350/506] Built Mathlib.Tactic.Widget.CongrM (2.6s)
鉁?[351/506] Built Qq.Simp (2.4s)
鉁?[352/506] Built Qq.MatchImpl (2.4s)
鉁?[353/509] Built Mathlib.Tactic.FunProp.Types (3.2s)
鉁?[354/509] Built Mathlib.Tactic.Widget.Calc (3.7s)
鉁?[355/509] Built Plausible.Tactic (2.9s)
鉁?[356/509] Built Qq.AssertInstancesCommute (2.9s)
鉁?[357/509] Built Mathlib.Tactic.Widget.Conv (3.9s)
鉁?[358/518] Built Mathlib.Data.SProd (3.1s)
鉁?[359/519] Built Batteries.Data.BinomialHeap.Basic (5.6s)
鉁?[360/522] Built Mathlib.Lean.Meta.RefinedDiscrTree.Lookup (3.7s)
鉁?[361/522] Built Mathlib.Tactic.Simps.Basic (5.8s)
鉁?[362/522] Built Mathlib.Logic.Relator (2.8s)
鉁?[363/522] Built Mathlib.Control.Basic (3.4s)
鉁?[364/527] Built Mathlib.Tactic.Hint (3.6s)
鉁?[365/567] Built Mathlib.Tactic.CrossRefAttribute (3.6s)
鉁?[366/580] Built Mathlib.Tactic.SetNotationForOrder (3.6s)
鉁?[367/592] Built Plausible (2.0s)
鉁?[368/596] Built Batteries.Data.Array.Basic (4.8s)
鉁?[369/622] Built Mathlib.Tactic.Says (3.0s)
鉁?[370/622] Built Mathlib.Tactic.Subsingleton (3.1s)
鉁?[371/657] Built Mathlib.Tactic.FastInstance (3.4s)
鉁?[372/657] Built Mathlib.Tactic.Monotonicity.Attr (3.2s)
鉁?[373/664] Built Mathlib.Tactic.TermCongr (4.4s)
鉁?[374/664] Built Batteries.Tactic.Congr (3.2s)
鉁?[375/675] Built Mathlib.Data.Option.Defs (3.4s)
鉁?[376/675] Built Mathlib.Tactic.CongrExclamation (4.4s)
鉁?[377/712] Built Mathlib.Tactic.Push (4.4s)
鉁?[378/712] Built Mathlib.Tactic.Simps (3.6s)
鉁?[379/713] Built Mathlib.Lean.Meta.RefinedDiscrTree (3.5s)
鉁?[380/713] Built Mathlib.Logic.Function.ULift (2.0s)
鉁?[381/713] Built Mathlib.Data.Prod.PProd (3.0s)
鉁?[382/713] Built Batteries.Data.List.Pairwise (2.6s)
鉁?[383/713] Built Mathlib.Tactic.FunProp.Theorems (4.2s)
鉁?[384/713] Built Qq.Match (5.3s)
鉁?[385/713] Built Aesop.Forward.RuleInfo (2.7s)
鉁?[386/713] Built Mathlib.Data.Int.DivMod (2.6s)
鉁?[387/746] Built Mathlib.Data.List.Induction (3.3s)
鉁?[388/746] Built Mathlib.Util.PPOptions (2.6s)
鉁?[390/827] Built Batteries.Data.Fin.Basic (2.6s)
鉁?[391/827] Built Mathlib.Data.Nat.BinaryRec (2.6s)
鉁?[392/827] Built Mathlib.Tactic.CongrM (2.0s)
鉁?[393/827] Built Mathlib.Util.Notation3 (8.1s)
鉁?[394/827] Built Mathlib.Data.List.TFAE (3.0s)
鉁?[395/827] Built Qq (1.8s)
鉁?[396/827] Built Aesop.Rule.Forward (1.8s)
鉁?[397/827] Built Mathlib.Tactic.ByCases (2.7s)
鉁?[398/827] Built Mathlib.Tactic.ByContra (2.8s)
鉁?[399/827] Built Mathlib.Tactic.ToFun (3.3s)
鉁?[400/827] Built Mathlib.Control.ULift (3.2s)
鉁?[401/827] Built Mathlib.Tactic.Translate.Core (9.5s)
鉁?[402/827] Built Mathlib.Tactic.Contrapose (2.0s)
鉁?[403/827] Built Mathlib.Data.Int.Init (3.9s)
鉁?[404/827] Built Mathlib.Tactic.FunProp.Attr (2.4s)
鉁?[405/827] Built Mathlib.Tactic.WLOG (3.1s)
鉁?[406/827] Built Mathlib.Data.Option.NAry (2.4s)
鉁?[407/827] Built Mathlib.Tactic.Convert (4.1s)
鉁?[408/827] Built Batteries.Data.Fin.Lemmas (2.1s)
鉁?[409/827] Built Mathlib.Tactic.Widget.LibraryRewrite (3.8s)
鉁?[410/827] Built Aesop.Forward.Match.Types (1.0s)
鉁?[411/827] Built Mathlib.Util.Delaborators (3.6s)
鉁?[412/827] Built Mathlib.Tactic.Translate.TagUnfoldBoundary (2.5s)
鉁?[413/827] Built Mathlib.Tactic.Translate.ToAdditive (2.5s)
鉁?[414/827] Built Mathlib.Tactic.Tauto (3.1s)
鉁?[415/827] Built Aesop.RuleTac.Descr (1.2s)
鉁?[416/827] Built Aesop.Index.Forward (1.2s)
鉁?[417/827] Built Mathlib.Tactic.FunProp.Core (3.9s)
鉁?[418/827] Built Mathlib.Tactic.Simproc.ExistsAndEq (3.9s)
鉁?[419/827] Built Aesop.Rule.Basic (742ms)
鉁?[420/827] Built Mathlib.Tactic.ToAdditive (1.1s)
鉁?[421/827] Built Mathlib.Tactic.Translate.ToDual (1.4s)
鉁?[422/827] Built Mathlib.Tactic.FunProp.Elab (1.7s)
鉁?[423/827] Built Aesop.Rule (1.9s)
鉁?[424/827] Built Aesop.Index (2.1s)
鉁?[425/827] Built Mathlib.Tactic.ToDual (2.2s)
鉁?[426/827] Built Mathlib.Algebra.Notation.Defs (2.5s)
鉁?[427/827] Built Mathlib.Algebra.Regular.Defs (2.5s)
鉁?[428/827] Built Mathlib.Tactic.FunProp (1.2s)
鉁?[429/827] Built Aesop.Forward.Match (1.4s)
鉁?[430/827] Built Aesop.Tree.UnsafeQueue (1.3s)
鉁?[431/827] Built Aesop.RuleSet.Member (1.3s)
鉁?[432/827] Built Mathlib.Algebra.Notation.Pi.Defs (1.8s)
鉁?[433/827] Built Aesop.Builder.Basic (1.3s)
鉁?[434/827] Built Mathlib.Data.Set.Defs (2.0s)
鉁?[435/827] Built Mathlib.Order.Defs.Prop (2.0s)
鉁?[436/827] Built Mathlib.Order.Defs.PartialOrder (2.0s)
鉁?[437/827] Built Mathlib.Order.Notation (2.0s)
鉁?[438/827] Built Mathlib.Algebra.Group.Semigroup (2.0s)
鉁?[439/827] Built Aesop.Tree.Data.ForwardRuleMatches (1.7s)
鉁?[440/827] Built Aesop.RuleTac.Forward (1.7s)
鉁?[441/827] Built Aesop.Forward.State (4.2s)
鉁?[442/827] Built Aesop.RuleTac (2.7s)
鉁?[443/827] Built Aesop.Builder.Cases (3.4s)
鉁?[444/827] Built Aesop.Builder.Constructors (3.4s)
鉁?[445/827] Built Aesop.Builder.NormSimp (3.4s)
鉁?[446/827] Built Aesop.Builder.Tactic (3.4s)
鉁?[447/827] Built Aesop.Builder.Apply (3.4s)
鉁?[448/827] Built Aesop.Builder.Unfold (3.4s)
鉁?[449/827] Built Aesop.Builder.Forward (3.4s)
鉁?[450/827] Built Mathlib.Order.TypeTags (3.5s)
鉁?[451/827] Built Mathlib.Order.Defs.Unbundled (3.6s)
鉁?[452/827] Built Mathlib.Control.Functor (3.6s)
鉁?[453/827] Built Mathlib.Data.Set.CoeSort (3.6s)
鉁?[454/827] Built Mathlib.Order.Interval.Set.Defs (3.6s)
鉁?[455/827] Built Mathlib.Order.Bounds.Defs (3.6s)
鉁?[456/827] Built Mathlib.Order.Defs.LinearOrder (3.9s)
鉁?[457/827] Built Mathlib.Algebra.NeZero (3.9s)
鉁?[458/827] Built Mathlib.Algebra.Group.Monoid (4.3s)
鉁?[459/827] Built Aesop.Builder.Default (1.3s)
鉁?[460/827] Built Aesop.Tree.Data (1.9s)
鉁?[461/827] Built Aesop.RuleSet (4.4s)
鉁?[462/827] Built Mathlib.Lean.Expr.ExtraRecognizers (1.7s)
鉁?[463/827] Built Mathlib.Control.Traversable.Basic (2.0s)
鉁?[464/827] Built Mathlib.Data.List.Defs (2.5s)
鉁?[465/827] Built Mathlib.Data.Bool.Basic (2.4s)
鉁?[466/827] Built Mathlib.Data.Int.Order.Basic (2.3s)
鉁?[467/827] Built Mathlib.Logic.Function.Basic (2.9s)
鉁?[468/827] Built Aesop.Search.Queue.Class (2.5s)
鉁?[469/827] Built Aesop.Tree.RunMetaM (2.5s)
鉁?[470/827] Built Aesop.Tree.Traversal (2.5s)
鉁?[471/827] Built Aesop.Frontend.Extension.Init (2.6s)
鉁?[472/827] Built Aesop.Forward.State.Initial (2.6s)
鉁?[473/827] Built Aesop.Forward.State.ApplyGoalDiff (2.6s)
鉁?[474/827] Built Mathlib.Algebra.BigOperators.Group.List.Defs (3.2s)
鉁?[475/827] Built Mathlib.Control.Applicative (3.4s)
鉁?[476/827] Built Mathlib.Algebra.Group.DivInvMonoid (3.6s)
鉁?[477/827] Built Mathlib.Algebra.Group.Nat.Defs (3.6s)
鉁?[478/827] Built Aesop.Frontend.RuleExpr (3.9s)
鉁?[479/827] Built Mathlib.Logic.Relation (4.9s)
鉁?[480/827] Built Mathlib.Tactic.GCongr.Core (5.0s)
鉁?[481/827] Built Mathlib.Basic.Unique (2.7s)
鉁?[482/827] Built Mathlib.Logic.Function.Conjugate (2.7s)
鉁?[483/827] Built Mathlib.Basic.IsEmpty.Basic (2.7s)
鉁?[484/827] Built Mathlib.Logic.Pairwise (2.7s)
鉁?[485/827] Built Mathlib.Data.Sigma.Basic (2.7s)
鉁?[486/827] Built Mathlib.Data.Sum.Basic (2.7s)
鉁?[487/827] Built Mathlib.Algebra.Notation.Pi.Basic (2.7s)
鉁?[488/827] Built Aesop.Tree.State (2.3s)
鉁?[489/827] Built Aesop.Frontend.Extension (2.3s)
鉁?[490/827] Built Aesop.Search.Queue (2.4s)
鉁?[491/827] Built Mathlib.Data.Subtype (2.4s)
鉁?[492/827] Built Aesop.Tree.TreeM (2.4s)
鉁?[493/827] Built Aesop.Tree.Tracing (2.7s)
鉁?[494/827] Built Mathlib.Tactic.Choose (3.3s)
鉁?[495/827] Built Mathlib.Algebra.Group.Defs (2.8s)
鉁?[496/827] Built Mathlib.Tactic.GCongr (2.4s)
鉁?[497/827] Built Aesop.Search.SearchM (2.5s)
鉁?[498/827] Built Aesop.Forward.State.UpdateGoal (2.5s)
鉁?[499/827] Built Aesop.Tree.Check (2.6s)
鉁?[500/827] Built Aesop.Tree.ExtractProof (2.6s)
鉁?[501/827] Built Aesop.Tree.ExtractScript (2.6s)
鉁?[502/827] Built Aesop.Tree.Free (2.6s)
鉁?[503/827] Built Aesop.Tree.Stats (2.6s)
鉁?[504/827] Built Aesop.Frontend.Tactic (2.8s)
鉁?[505/827] Built Aesop.Frontend.Attribute (2.8s)
鉁?[506/827] Built Aesop.Frontend.Command (2.8s)
鉁?[507/827] Built Aesop.Saturate (5.0s)
鉁?[508/827] Built Aesop.Tree.AddRapp (2.7s)
鉁?[509/827] Built Mathlib.Data.Quot (4.0s)
鉁?[510/827] Built Mathlib.Logic.Function.Iterate (4.0s)
鉁?[511/827] Built Mathlib.Data.FunLike.Basic (4.0s)
鉁?[512/827] Built Mathlib.Tactic.GRewrite.Core (4.6s)
鉁?[513/827] Built Mathlib.Data.List.Pairwise (4.1s)
鉁?[514/827] Built Mathlib.Algebra.Group.Int.Defs (3.9s)
鉁?[515/827] Built Mathlib.Algebra.Group.Pi.Basic (3.9s)
鉁?[516/827] Built Aesop.BuiltinRules.Ext (2.6s)
鉁?[517/827] Built Aesop.BuiltinRules.Intros (2.6s)
鉁?[518/827] Built Aesop.BuiltinRules.Rfl (2.6s)
鉁?[519/827] Built Aesop.BuiltinRules.Split (2.6s)
鉁?[520/827] Built Aesop.BuiltinRules.Subst (2.6s)
鉁?[521/827] Built Aesop.BuiltinRules.ApplyHyps (2.5s)
鉁?[522/827] Built Aesop.BuiltinRules.DestructProducts (2.7s)
鉁?[523/827] Built Mathlib.Algebra.Group.InjSurj (4.3s)
鉁?[524/827] Built Mathlib.Data.Nat.Basic (3.1s)
鉁?[525/827] Built Aesop.Search.RuleSelection (3.2s)
鉁?[526/827] Built Mathlib.Data.List.Flatten (3.2s)
鉁?[527/827] Built Mathlib.Data.FunLike.Embedding (2.4s)
鉁?[528/827] Built Aesop.Frontend.Saturate (2.6s)
鉁?[529/827] Built Aesop.BuiltinRules.Assumption (2.6s)
鉁?[530/827] Built Mathlib.Data.Prod.Basic (2.7s)
鉁?[531/827] Built Mathlib.Tactic.GRewrite.Elab (2.5s)
鉁?[532/827] Built Mathlib.Order.Basic (4.8s)
鉁?[533/827] Built Mathlib.Algebra.Group.Semiconj.Defs (4.8s)
鉁?[534/827] Built Aesop.Frontend (1.5s)
鉁?[535/827] Built Aesop.BuiltinRules (1.6s)
鉁?[536/827] Built Mathlib.Data.FunLike.Equiv (1.9s)
鉁?[537/827] Built Mathlib.Data.Nat.Find (2.1s)
鉁?[538/827] Built Mathlib.Basic.Nontrivial.Basic (2.0s)
鉁?[539/827] Built Mathlib.Algebra.Notation.Prod (2.0s)
鉁?[540/827] Built Mathlib.Algebra.Group.Hom.Defs (4.9s)
鉁?[541/827] Built Aesop.Search.Expansion.Norm (2.6s)
鉁?[542/827] Built Mathlib.Tactic.GRewrite (2.5s)
鉁?[543/827] Built Mathlib.Order.ULift (2.6s)
鉁?[544/827] Built Mathlib.Algebra.Group.Commute.Defs (2.6s)
鉁?[545/827] Built Mathlib.Tactic.Finiteness.Attr (2.9s)
鉁?[546/827] Built Mathlib.Data.Finset.Attr (2.9s)
鉁?[547/827] Built Mathlib.Tactic.SetLike (2.9s)
鉁?[548/827] Built Aesop.Search.Expansion (2.4s)
鉁?[549/827] Built Mathlib.Algebra.Order.ZeroLEOne (2.6s)
鉁?[550/827] Built Mathlib.Tactic.Nontriviality.Core (2.8s)
鉁?[551/827] Built Mathlib.Logic.Equiv.Defs (3.8s)
鉁?[552/827] Built Aesop.Search.ExpandSafePrefix (1.1s)
鉁?[553/827] Built Mathlib.Tactic.Nontriviality (1.2s)
鉁?[554/827] Built Mathlib.Tactic.ClickSuggestions.Util (2.5s)
鉁?[555/827] Built Mathlib.Algebra.Group.Units.Defs (2.5s)
鉁?[556/827] Built Mathlib.Algebra.Group.Nat.Units (2.2s)
鉁?[557/827] Built Mathlib.Order.OrderDual (3.2s)
鉁?[558/827] Built Mathlib.Control.EquivFunctor (3.2s)
鉁?[559/827] Built Mathlib.Basic.Finite.Defs (3.2s)
鉁?[560/827] Built Mathlib.Tactic.ClickSuggestions.SectionState (2.5s)
鉁?[561/827] Built Mathlib.Tactic.ClickSuggestions.Unfold (2.6s)
鉁?[562/827] Built Aesop.Search.Main (3.5s)
鉁?[563/827] Built Mathlib.Order.Lex (4.1s)
鉁?[564/827] Built Mathlib.Algebra.Group.Equiv.Defs (4.1s)
鉁?[565/827] Built Mathlib.Order.RelClasses (2.1s)
鉁?[566/827] Built Mathlib.Order.Max (2.1s)
鉁?[567/827] Built Mathlib.Order.Compare (2.1s)
鉁?[568/827] Built Aesop.Main (1.9s)
鉁?[569/827] Built Mathlib.Tactic.ClickSuggestions.Rewrite (2.8s)
鉁?[570/827] Built Mathlib.Tactic.ClickSuggestions.GRewrite (2.8s)
鉁?[571/827] Built Mathlib.Tactic.ClickSuggestions.Apply (2.8s)
鉁?[572/827] Built Mathlib.Tactic.ClickSuggestions.ApplyAt (2.8s)
鉁?[573/827] Built Mathlib.Order.BoundedOrder.Basic (1.0s)
鉁?[574/827] Built Mathlib.Algebra.Opposites (7.3s)
鉁?[575/827] Built Aesop (1.7s)
鉁?[576/827] Built Mathlib.Data.Set.Operations (1.7s)
鉁?[577/827] Built Mathlib.Logic.Equiv.Prod (7.3s)
鉁?[578/827] Built Mathlib.Tactic.ClickSuggestions.FindPremises (2.1s)
鉁?[579/827] Built Mathlib.Order.Nat (2.0s)
鉁?[580/827] Built Mathlib.Data.Option.Basic (2.1s)
鉁?[581/827] Built Mathlib.Combinatorics.SimpleGraph.Init (2.1s)
鉁?[582/827] Built Mathlib.Logic.Equiv.Sum (2.6s)
鉁?[583/827] Built Mathlib.Algebra.Group.Action.Defs (2.0s)
鉁?[584/827] Built Mathlib.Tactic.ClickSuggestions.TryPremises (2.3s)
鉁?[585/827] Built Mathlib.Order.Monotone.Defs (3.3s)
鉁?[586/827] Built Mathlib.Order.SetNotation (3.4s)
鉁?[587/827] Built Mathlib.Data.Set.Notation (3.3s)
鉁?[588/827] Built Mathlib.Data.Sym.Sym2.Init (4.5s)
鉁?[589/827] Built Mathlib.Logic.Equiv.Option (2.5s)
鉁?[590/827] Built Mathlib.Algebra.Group.Basic (4.6s)
鉁?[591/827] Built Mathlib.Algebra.Group.Action.Faithful (2.4s)
鉁?[592/827] Built Mathlib.Tactic.ClickSuggestions (2.5s)
鉁?[593/827] Built Mathlib.Order.GaloisConnection.Defs (2.6s)
鉁?[594/827] Built Mathlib.Order.Monotone.Basic (2.7s)
鉁?[595/827] Built Mathlib.Algebra.Group.Int.Units (2.2s)
鉁?[596/827] Built Mathlib.Algebra.Order.Monoid.Unbundled.Defs (2.4s)
鉁?[597/827] Built Mathlib.Algebra.Group.SelfInv (2.8s)
鉁?[598/827] Built Mathlib.Algebra.Group.Hom.Basic (2.9s)
鉁?[599/827] Built Mathlib.Algebra.Group.Units.Basic (2.9s)
鉁?[600/827] Built Mathlib.Tactic.Common (2.2s)
鉁?[601/827] Built Mathlib.Logic.Equiv.Basic (3.3s)
鉁?[602/827] Built Mathlib.Order.BoundedOrder.Monotone (1.9s)
鉁?[603/827] Built Mathlib.Order.Lattice (3.5s)
鉁?[604/827] Built Mathlib.Algebra.Group.Torsion (2.8s)
鉁?[605/827] Built Mathlib.Algebra.Group.Units.Hom (3.4s)
鉁?[606/827] Built Mathlib.Data.ULift (4.8s)
鉁?[607/827] Built Mathlib.Logic.Embedding.Basic (4.8s)
鉁?[608/827] Built Mathlib.Order.BoundedOrder.Lattice (3.2s)
鉁?[609/827] Built Mathlib.Data.List.TakeDrop (5.2s)
鉁?[610/827] Built Mathlib.Data.List.ProdSigma (5.2s)
鉁?[611/827] Built Mathlib.Data.List.Forall2 (5.2s)
鉁?[612/827] Built Mathlib.Data.List.InsertIdx (5.4s)
鉁?[613/827] Built Mathlib.Data.List.Count (5.4s)
鉁?[614/827] Built Mathlib.Data.Fin.Basic (5.4s)
鉁?[615/827] Built Mathlib.Data.Vector.Defs (5.4s)
鉁?[616/827] Built Mathlib.Algebra.Group.Opposite (3.6s)
鉁?[617/827] Built Mathlib.Data.Nat.Factorial.Basic (6.2s)
鉁?[618/827] Built Mathlib.Data.List.Basic (6.2s)
鉁?[619/827] Built Mathlib.Algebra.Order.IsBotOne (2.0s)
鉁?[620/827] Built Mathlib.Order.Disjoint (3.9s)
鉁?[621/827] Built Mathlib.Data.List.Perm.Basic (3.9s)
鉁?[622/827] Built Mathlib.Algebra.Divisibility.Basic (3.8s)
鉁?[623/827] Built Mathlib.Algebra.Group.Embedding (5.2s)
鉁?[624/827] Built Mathlib.Order.RelIso.Basic (5.2s)
鉁?[625/827] Built Mathlib.Data.List.Lex (3.9s)
鉁?[626/827] Built Mathlib.Data.Nat.Choose.Basic (4.2s)
鉁?[627/827] Built Mathlib.Data.List.Nodup (4.5s)
鉁?[628/827] Built Mathlib.Data.List.Lattice (4.5s)
鉁?[629/827] Built Mathlib.Order.MinMax (8.8s)
鉁?[630/827] Built Mathlib.Data.List.Infix (4.5s)
鉁?[631/827] Built Mathlib.Data.List.Enum (4.5s)
鉁?[632/827] Built Mathlib.Order.WithBot (8.9s)
鉁?[633/827] Built Mathlib.Data.List.Zip (4.5s)
鉁?[634/827] Built Mathlib.Data.Fin.SuccPred (5.5s)
鉁?[635/827] Built Mathlib.Algebra.Group.Prod (5.0s)
鉁?[636/827] Built Mathlib.Order.PropInstances (2.8s)
鉁?[637/827] Built Mathlib.Data.List.Perm.Subperm (2.0s)
鉁?[638/827] Built Mathlib.Data.Fin.Embedding (3.9s)
鉁?[639/827] Built Mathlib.Data.Fin.Rev (4.0s)
鉁?[640/827] Built Mathlib.Data.List.Sublists (4.2s)
鉁?[641/827] Built Mathlib.Data.List.Rotate (4.3s)
鉁?[642/827] Built Mathlib.Data.List.Dedup (4.4s)
鉁?[643/827] Built Mathlib.Data.List.Perm.Lattice (4.4s)
鉁?[644/827] Built Mathlib.Data.List.Duplicate (4.4s)
鉁?[645/827] Built Mathlib.Data.List.OffDiag (4.5s)
鉁?[646/827] Built Mathlib.Data.List.Chain (5.3s)
鉁?[647/827] Built Mathlib.Data.Set.Basic (4.1s)
鉁?[648/827] Built Mathlib.Data.Multiset.Defs (3.7s)
鉁?[649/827] Built Mathlib.Algebra.BigOperators.Group.List.Basic (6.5s)
鉁?[650/827] Built Mathlib.Algebra.Order.Monoid.Unbundled.Basic (5.7s)
鉁?[651/827] Built Mathlib.Order.Hom.Basic (6.7s)
鉁?[652/827] Built Mathlib.Order.Heyting.Basic (5.4s)
鉁?[653/827] Built Mathlib.Data.List.Range (3.6s)
鉁?[654/827] Built Mathlib.Data.Set.Disjoint (4.2s)
鉁?[655/827] Built Mathlib.Data.Set.Inclusion (4.2s)
鉁?[656/827] Built Mathlib.Data.Set.Order (4.2s)
鉁?[657/827] Built Mathlib.Data.SetLike.Basic (4.3s)
鉁?[658/827] Built Mathlib.Algebra.Order.Monoid.Unbundled.ExistsOfLE (3.7s)
鉁?[659/827] Built Mathlib.Algebra.Order.Sub.Defs (3.8s)
鉁?[660/827] Built Mathlib.Order.BooleanAlgebra.Defs (4.0s)
鉁?[661/827] Built Mathlib.Data.Multiset.ZeroCons (5.3s)
鉁?[662/827] Built Mathlib.Order.Fin.Basic (4.1s)
鉁?[663/827] Built Mathlib.Data.Vector.Basic (4.0s)
鉁?[664/827] Built Mathlib.Order.Antisymmetrization (4.6s)
鉁?[665/827] Built Mathlib.Tactic.ApplyFun (4.6s)
鉁?[666/827] Built Mathlib.Order.Hom.Bounded (4.7s)
鉁?[667/827] Built Mathlib.Order.Hom.Lattice (4.7s)
鉁?[668/827] Built Mathlib.Algebra.BigOperators.Group.List.Lemmas (3.0s)
鉁?[669/827] Built Mathlib.Algebra.Order.Sub.Unbundled.Basic (2.3s)
鉁?[670/827] Built Mathlib.Data.Set.Insert (2.8s)
鉁?[671/827] Built Mathlib.Data.Multiset.Count (3.1s)
鉁?[672/827] Built Mathlib.Data.Multiset.Basic (3.1s)
鉁?[673/827] Built Mathlib.Order.BooleanAlgebra.Basic (3.6s)
鉁?[674/827] Built Mathlib.Data.Set.Subsingleton (3.0s)
鉁?[675/827] Built Mathlib.Data.Fin.Tuple.Basic (3.1s)
鉁?[676/827] Built Mathlib.Data.Bool.Set (3.0s)
鉁?[677/827] Built Mathlib.Data.Multiset.AddSub (2.0s)
鉁?[678/827] Built Mathlib.Order.SymmDiff (3.3s)
鉁?[679/827] Built Mathlib.Data.List.FinRange (2.5s)
鉁?[680/827] Built Mathlib.Data.List.OfFn (2.5s)
鉁?[681/827] Built Mathlib.Order.BooleanAlgebra.Set (3.9s)
鉁?[682/827] Built Mathlib.Data.Multiset.Replicate (2.4s)
鉁?[683/827] Built Mathlib.Order.Hom.BoundedLattice (2.8s)
鉁?[684/827] Built Mathlib.Data.List.Sort (2.6s)
鉁?[685/827] Built Mathlib.Data.Set.SymmDiff (3.2s)
鉁?[686/827] Built Mathlib.Order.Interval.Set.Basic (3.2s)
鉁?[687/827] Built Mathlib.Order.Hom.WithTopBot (3.3s)
鉁?[688/827] Built Mathlib.Data.List.NodupEquivFin (3.4s)
鉁?[689/827] Built Mathlib.Order.Interval.Set.LinearOrder (3.3s)
鉁?[690/827] Built Mathlib.Data.Set.Image (3.5s)
鉁?[691/827] Built Mathlib.Order.Directed (4.0s)
鉁?[692/827] Built Mathlib.Order.Interval.Set.WithBotTop (4.0s)
鉁?[693/827] Built Mathlib.Data.Set.Prod (4.1s)
鉁?[694/827] Built Mathlib.Data.Set.Restrict (4.2s)
鉁?[695/827] Built Mathlib.Data.Set.List (4.2s)
鉁?[696/827] Built Mathlib.Data.Nat.Set (4.2s)
鉁?[697/827] Built Mathlib.Logic.Embedding.Set (4.2s)
鉁?[698/827] Built Mathlib.Data.Fin.VecNotation (4.3s)
鉁?[699/827] Built Mathlib.Data.Multiset.MapFold (3.3s)
鉁?[700/827] Built Mathlib.Data.Set.NAry (3.4s)
鉁?[701/827] Built Mathlib.Basic.Rel (3.5s)
鉁?[702/827] Built Mathlib.Data.Set.Function (3.5s)
鉁?[703/827] Built Mathlib.Logic.Function.DependsOn (3.5s)
鉁?[704/827] Built Mathlib.Order.Bounds.Basic (4.2s)
鉁?[705/827] Built Mathlib.Data.Multiset.Filter (3.4s)
鉁?[706/827] Built Mathlib.Data.Set.Piecewise (3.3s)
鉁?[707/827] Built Mathlib.Order.CompleteLattice.Defs (3.7s)
鉁?[708/827] Built Mathlib.Order.Bounds.Image (3.8s)
鉁?[709/827] Built Mathlib.Data.Set.Pairwise.Basic (4.4s)
鉁?[710/827] Built Mathlib.Logic.Equiv.Set (4.4s)
鉁?[711/827] Built Mathlib.Order.WellFounded (4.4s)
鉁?[712/827] Built Mathlib.Order.Interval.Set.Image (4.4s)
鉁?[713/827] Built Mathlib.Algebra.Group.Action.Pi (2.0s)
鉁?[714/827] Built Mathlib.Data.Multiset.UnionInter (2.4s)
鉁?[715/827] Built Mathlib.Algebra.BigOperators.Group.Multiset.Defs (2.3s)
鉁?[716/827] Built Mathlib.Data.Finset.Defs (3.3s)
鉁?[717/827] Built Mathlib.Order.Interval.Set.UnorderedInterval (3.8s)
鉁?[718/827] Built Mathlib.Data.Multiset.Range (2.5s)
鉁?[719/827] Built Mathlib.Data.Multiset.Dedup (2.6s)
鉁?[720/827] Built Mathlib.Order.Hom.Set (4.3s)
鉁?[721/827] Built Mathlib.Order.Minimal (4.3s)
鉁?[722/827] Built Mathlib.Data.Finset.Attach (2.5s)
鉁?[723/827] Built Mathlib.Data.Finset.Erase (2.5s)
鉁?[724/827] Built Mathlib.Data.Finset.Empty (2.5s)
鉁?[725/827] Built Mathlib.Data.Finset.Dedup (2.8s)
鉁?[726/827] Built Mathlib.Data.Multiset.FinsetOps (2.9s)
鉁?[727/827] Built Mathlib.Data.Multiset.Fold (2.8s)
鉁?[728/827] Built Mathlib.Algebra.Order.Group.Multiset (2.9s)
鉁?[729/827] Built Mathlib.Order.Interval.Set.OrderEmbedding (3.3s)
鉁?[730/827] Built Mathlib.Order.Interval.Set.Fin (3.3s)
鉁?[731/827] Built Mathlib.Data.Finset.Filter (2.7s)
鉁?[732/827] Built Mathlib.Order.Preorder.Chain (5.4s)
鉁?[733/827] Built Mathlib.Order.CompleteLattice.Basic (5.4s)
鉁?[734/827] Built Mathlib.Data.Multiset.Sum (2.0s)
鉁?[735/827] Built Mathlib.Data.Finset.Insert (3.1s)
鉁?[736/827] Built Mathlib.Data.Finset.Lattice.Basic (3.1s)
鉁?[737/827] Built Mathlib.Algebra.BigOperators.Group.Multiset.Basic (3.0s)
鉁?[738/827] Built Mathlib.Data.Multiset.Lattice (3.1s)
鉁?[739/827] Built Mathlib.Data.Fintype.Defs (3.4s)
鉁?[740/827] Built Mathlib.Order.CompleteLattice.Lemmas (3.1s)
鉁?[741/827] Built Mathlib.Order.Antichain (3.1s)
鉁?[742/827] Built Mathlib.Data.Finset.Disjoint (3.4s)
鉁?[743/827] Built Mathlib.Data.Finset.Range (3.4s)
鉁?[744/827] Built Mathlib.Data.Finset.SDiff (3.4s)
鉁?[745/827] Built Mathlib.Data.Finset.Lattice.Lemmas (3.4s)
鉁?[746/827] Built Mathlib.Data.Multiset.Bind (3.6s)
鉁?[747/827] Built Mathlib.Data.Setoid.Basic (3.8s)
鉁?[748/827] Built Mathlib.Order.GaloisConnection.Basic (3.8s)
鉁?[749/827] Built Mathlib.Tactic.FinCases (2.3s)
鉁?[750/827] Built Mathlib.Order.Interval.Set.OrdConnected (2.3s)
鉁?[751/827] Built Mathlib.Data.Multiset.Pi (3.6s)
鉁?[752/827] Built Mathlib.Data.Multiset.Powerset (3.7s)
鉁?[753/827] Built Mathlib.Data.Sym.Basic (4.1s)
鉁?[754/827] Built Mathlib.Data.Finset.Basic (4.3s)
鉁?[755/827] Built Mathlib.Data.Finset.Image (4.4s)
鉁?[756/827] Built Mathlib.Order.CompleteBooleanAlgebra (5.4s)
鉁?[757/827] Built Mathlib.Order.Cover (3.8s)
鉁?[758/827] Built Mathlib.Data.Finset.SymmDiff (2.9s)
鉁?[759/827] Built Mathlib.Data.Finset.BooleanAlgebra (3.1s)
鉁?[760/827] Built Mathlib.Data.Set.BooleanAlgebra (2.2s)
鉁?[761/827] Built Mathlib.Data.Finset.Card (5.0s)
鉁?[762/827] Built Mathlib.Data.Fintype.OfMap (4.0s)
鉁?[763/827] Built Mathlib.Data.Finset.Fold (4.0s)
鉁?[764/827] Built Mathlib.Data.Set.Lattice.Disjoint (2.8s)
鉁?[765/827] Built Mathlib.Data.Set.Lattice.Indexed (2.8s)
鉁?[766/827] Built Mathlib.Data.Set.Sigma (2.9s)
鉁?[767/827] Built Mathlib.Data.Finset.Fin (2.2s)
鉁?[768/827] Built Mathlib.Data.Fintype.Sets (2.8s)
鉁?[769/827] Built Mathlib.Data.Finset.Sum (2.7s)
鈿?[770/827] Built JSP000513.FinsetTools (2.7s)
warning: JSP000513/FinsetTools.lean:19:0: automatically included section variable(s) unused in theorem `JSP000513.exists_mem_of_card_lt`:
  [DecidableEq 伪]
consider restructuring your `variable` declarations so that the variables are not in scope or explicitly omit them:
  omit [DecidableEq 伪] in theorem ...

Note: This linter can be disabled with `set_option linter.unusedSectionVars false`
鉁?[771/827] Built Mathlib.Data.Finset.Union (2.9s)
鉁?[772/827] Built Mathlib.Data.Set.Lattice.Bounded (2.3s)
鉁?[773/827] Built Mathlib.Data.Fintype.Basic (3.6s)
鉁?[774/827] Built JSP000513.TriangleTools (3.0s)
鉁?[775/827] Built JSP000513.ColorForcing (4.1s)
鉁?[776/827] Built Mathlib.Data.Set.Pairwise.Lattice (4.1s)
鉁?[777/827] Built Mathlib.Data.Finset.Prod (4.7s)
鉁?[778/827] Built Mathlib.Data.Finset.Pi (4.7s)
鉁?[779/827] Built Mathlib.Data.Finset.Option (4.7s)
鉁?[780/827] Built Mathlib.Data.Set.Lattice.Image (4.1s)
鉁?[781/827] Built Mathlib.Data.Finset.Lattice.Fold (5.7s)
鉁?[782/827] Built Mathlib.Data.Fintype.Card (2.4s)
鉁?[783/827] Built Mathlib.Data.Finset.Lattice.Union (2.4s)
鉁?[784/827] Built Mathlib.Order.CompleteLattice.Finset (3.4s)
鉁?[785/827] Built Mathlib.Data.Fintype.EquivFin (2.4s)
鉁?[786/827] Built Mathlib.Data.Sym.Sym2 (4.8s)
鉁?[787/827] Built Mathlib.Data.Finset.Sigma (2.2s)
鉁?[788/827] Built Mathlib.Data.Finset.Powerset (2.4s)
鉁?[789/827] Built Mathlib.Data.Fintype.Prod (3.5s)
鉁?[790/827] Built Mathlib.Data.Fintype.Sum (3.5s)
鉁?[791/827] Built Mathlib.Data.Set.Finite.Basic (3.6s)
鉁?[792/827] Built Mathlib.Data.Fintype.Powerset (1.0s)
鉁?[793/827] Built Mathlib.Data.Fintype.Sigma (2.2s)
鉁?[794/827] Built Mathlib.Data.Fintype.Pi (3.1s)
鉁?[795/827] Built Mathlib.Order.Preorder.Finite (3.1s)
鉁?[796/827] Built Mathlib.Data.Finset.Preimage (3.1s)
鉁?[797/827] Built Mathlib.Basic.Finite.Prod (1.9s)
鉁?[798/827] Built Mathlib.Order.Interval.Finset.Defs (3.6s)
鉁?[799/827] Built Mathlib.Combinatorics.SimpleGraph.Basic (4.6s)
鉁?[800/827] Built Mathlib.Data.FunLike.Fintype (4.5s)
鉁?[801/827] Built Mathlib.Order.Interval.Finset.Basic (3.9s)
鉁?[802/827] Built Mathlib.Combinatorics.SimpleGraph.Dart (1.0s)
鉁?[803/827] Built JSP000513.Definitions (2.2s)
鉁?[804/827] Built Mathlib.Order.Interval.Multiset (3.0s)
鉁?[805/827] Built JSP000513.StatementDrafts (2.7s)
鉁?[806/827] Built JSP000513.ListColoring (2.7s)
鉁?[807/827] Built Mathlib.Combinatorics.SimpleGraph.Maps (3.7s)
鉁?[808/827] Built Mathlib.Order.Interval.Finset.Nat (2.2s)
鉁?[809/827] Built JSP000513.Relaxed (2.6s)
鉁?[810/827] Built JSP000513.GraphAssembly (2.6s)
鉁?[811/827] Built Mathlib.Order.Interval.Finset.Fin (2.5s)
鉁?[812/827] Built Mathlib.Data.Fintype.Fin (2.9s)
